// org.jetbrains.kotlin.idea.core.overrideImplement.KtImplementMembersQuickfix

interface T {
    fun <T> id(x: T) = x

    fun <T> idAdapter(x: T)

    val name: String
}

class B : T {
    override fun <T> idAdapter(x: T) {
        TODO("Not yet implemented")
    }

    override val name: String = "Slav"
}